// Jest Snapshot v1, https://goo.gl/fbAQLP

exports[`<ListItem> Tests renders correctly 1`] = `
<div
  className="row user-item"
  data-test="user-item"
  onClick={[Function]}
  onKeyDown={[Function]}
  role="presentation"
  style={
    Object {
      "opacity": 1,
    }
  }
>
  <div
    className="col-xs-5 col-sm-10 col-lg-10 col-xl-11 user-item-col-1"
  >
    <h4
      data-test="user-name"
    >
      Name0
    </h4>
    <h6
      data-test="user-org"
    >
      <span>
        <i
          className="fa fa-building-o"
        />
      </span>
       
      Org name 0
    </h6>
  </div>
  <div
    className="col-xs-3 col-sm-2 col-lg-2 col-xl-1"
    data-test="user-photo"
  >
    <div
      className=" sb-avatar"
      style={
        Object {
          "borderRadius": "50px",
          "display": "inline-block",
          "fontFamily": "Helvetica, Arial, sans-serif",
          "height": "100px",
          "verticalAlign": "middle",
          "width": "100px",
        }
      }
    >
      <div
        className=" sb-avatar__text"
        style={
          Object {
            "background": "#d1dff0",
            "borderRadius": "50px",
            "color": "#357edd",
            "height": "100px",
            "lineHeight": "initial",
            "textAlign": "center",
            "textTransform": "uppercase",
            "width": "100px",
          }
        }
      >
        <div
          style={
            Object {
              "display": "table",
              "height": "100%",
              "tableLayout": "fixed",
              "width": "100%",
            }
          }
        >
          <span
            style={
              Object {
                "display": "table-cell",
                "fontSize": "100%",
                "verticalAlign": "middle",
                "whiteSpace": "nowrap",
              }
            }
          >
            <span />
          </span>
        </div>
      </div>
    </div>
  </div>
</div>
`;
